╭──────────────────────┬────────────────────────╮
│       Created        │    01-JAN-2011 20:53:52│
├──────────────────────┼────────────────────────┤
│Writer Product        │PSPP synthetic test file│
│       Version        │1.2.3                   │
├──────────────────────┼────────────────────────┤
│       Compression    │None                    │
│       Number of Cases│                       1│
╰──────────────────────┴────────────────────────╯

╭─────────┬───────────────────────────────────────────────────────╮
│Label    │PSPP synthetic test file                               │
│Variables│                                                      1│
│Documents│First line of documents                                │
│         │Second line of documents                               │
│         │abbé appliqué attaché blasé café canapé cliché consommé│
│         │Last line of documents                                 │
╰─────────┴───────────────────────────────────────────────────────╯

                                               Variables
╭────┬────────┬─────┬─────────────────┬─────┬─────┬─────────┬────────────┬────────────┬──────────────╮
│    │Position│Label│Measurement Level│ Role│Width│Alignment│Print Format│Write Format│Missing Values│
├────┼────────┼─────┼─────────────────┼─────┼─────┼─────────┼────────────┼────────────┼──────────────┤
│num1│       1│     │                 │Input│    8│Right    │F8.0        │F8.0        │              │
╰────┴────────┴─────┴─────────────────┴─────┴─────┴─────────┴────────────┴────────────┴──────────────╯

╭────┬────╮
│Case│num1│
├────┼────┤
│1   │1.00│
╰────┴────╯
