╭──────────────────────┬────────────────────────╮
│       Created        │    01-JAN-2011 20:53:52│
├──────────────────────┼────────────────────────┤
│Writer Product        │PSPP synthetic test file│
├──────────────────────┼────────────────────────┤
│       Compression    │None                    │
│       Number of Cases│                       5│
╰──────────────────────┴────────────────────────╯

╭─────────┬─╮
│Variables│2│
╰─────────┴─╯

                                               Variables
╭────┬────────┬─────┬─────────────────┬─────┬─────┬─────────┬────────────┬────────────┬──────────────╮
│    │Position│Label│Measurement Level│ Role│Width│Alignment│Print Format│Write Format│Missing Values│
├────┼────────┼─────┼─────────────────┼─────┼─────┼─────────┼────────────┼────────────┼──────────────┤
│num1│       1│     │                 │Input│    8│Right    │F8.0        │F8.0        │              │
│num2│       2│     │                 │Input│    8│Right    │F8.0        │F8.0        │              │
╰────┴────────┴─────┴─────────────────┴─────┴─────┴─────────┴────────────┴────────────┴──────────────╯

File metadata says it contains 5 cases, but 6 cases were read.

╭────┬─────┬─────╮
│Case│ num1│ num2│
├────┼─────┼─────┤
│1   │ 1.00│ 2.00│
│2   │ 3.00│ 4.00│
│3   │ 5.00│ 6.00│
│4   │ 7.00│ 8.00│
│5   │ 9.00│10.00│
│6   │11.00│12.00│
╰────┴─────┴─────╯
