╭──────────────────────┬────────────────────────╮
│       Created        │    01-JAN-2011 20:53:52│
├──────────────────────┼────────────────────────┤
│Writer Product        │PSPP synthetic test file│
│       Version        │1.2.3                   │
├──────────────────────┼────────────────────────┤
│       Compression    │None                    │
│       Number of Cases│                       0│
╰──────────────────────┴────────────────────────╯

╭─────────┬────────────────────────╮
│Label    │PSPP synthetic test file│
│Variables│                      16│
╰─────────┴────────────────────────╯

                                              Variables
╭──┬────────┬─────┬─────────────────┬─────┬─────┬─────────┬────────────┬────────────┬──────────────╮
│  │Position│Label│Measurement Level│ Role│Width│Alignment│Print Format│Write Format│Missing Values│
├──┼────────┼─────┼─────────────────┼─────┼─────┼─────────┼────────────┼────────────┼──────────────┤
│あ│       1│     │                 │Input│    8│Right    │F8.0        │F8.0        │              │
│b │       2│     │                 │Input│    8│Right    │F8.0        │F8.0        │              │
│c │       3│     │                 │Input│    8│Right    │F8.0        │F8.0        │              │
│d │       4│     │                 │Input│    8│Right    │F8.0        │F8.0        │              │
│e │       5│     │                 │Input│    8│Right    │F8.0        │F8.0        │              │
│f │       6│     │                 │Input│    8│Right    │F8.0        │F8.0        │              │
│g │       7│     │                 │Input│    8│Right    │F8.0        │F8.0        │              │
│h │       8│     │Nominal          │Input│    4│Left     │A4          │A4          │              │
│i │       9│     │Nominal          │Input│    4│Left     │A4          │A4          │              │
│j │      10│     │Nominal          │Input│    4│Left     │A4          │A4          │              │
│k │      11│     │                 │Input│    8│Right    │F8.0        │F8.0        │              │
│l │      12│     │                 │Input│    8│Right    │F8.0        │F8.0        │              │
│m │      13│     │                 │Input│    8│Right    │F8.0        │F8.0        │              │
│n │      14│     │Nominal          │Input│    6│Left     │A6          │A6          │              │
│o │      15│     │Nominal          │Input│    6│Left     │A6          │A6          │              │
│p │      16│     │Nominal          │Input│    6│Left     │A6          │A6          │              │
╰──┴────────┴─────┴─────────────────┴─────┴─────┴─────────┴────────────┴────────────┴──────────────╯

                     Multiple Response Sets
╭────┬─────────────┬───────────┬─────────────┬────────────────╮
│Name│    Label    │  Encoding │Counted Value│Member Variables│
├────┼─────────────┼───────────┼─────────────┼────────────────┤
│$a  │my mcgroup   │Categories │             │あ              │
│    │             │           │             │b               │
│    │             │           │             │c               │
│$b  │             │Dichotomies│        55.00│g               │
│    │             │           │             │e               │
│    │             │           │             │f               │
│    │             │           │             │d               │
│$c  │mdgroup #2   │Dichotomies│はい         │h               │
│    │             │           │             │i               │
│    │             │           │             │j               │
│$d  │third mdgroup│Dichotomies│        34.00│k               │
│    │             │           │             │l               │
│    │             │           │             │m               │
│$e  │             │Dichotomies│choice       │n               │
│    │             │           │             │o               │
│    │             │           │             │p               │
╰────┴─────────────┴───────────┴─────────────┴────────────────╯
