╭──────────────────────┬────────────────────────╮
│       Created        │    01-JAN-2011 20:53:52│
├──────────────────────┼────────────────────────┤
│Writer Product        │PSPP synthetic test file│
├──────────────────────┼────────────────────────┤
│       Compression    │None                    │
│       Number of Cases│                       0│
╰──────────────────────┴────────────────────────╯

╭─────────┬────────────────────────╮
│Label    │PSPP synthetic test file│
│Variables│                       0│
╰─────────┴────────────────────────╯

                                            Variables
