Warning at file offsets 0x1c8 to 0x1e8: In extension record: variable attributes record has bad size 4 bytes instead of the expected 1.

This system file does not indicate its own character encoding.  For best results, specify an encoding explicitly.  Use SYSFILE INFO with ENCODING="DETECT" to analyze the possible encodings.

╭──────────────────────┬────────────────────────────────────╮
│       Created        │                30-JAN-2013 14:34:58│
├──────────────────────┼────────────────────────────────────┤
│Writer Product        │MS Windows Release 12.0 spssio32.dll│
├──────────────────────┼────────────────────────────────────┤
│       Compression    │SAV                                 │
│       Number of Cases│                                  10│
╰──────────────────────┴────────────────────────────────────╯

╭─────────┬─╮
│Variables│4│
╰─────────┴─╯

                                                 Variables
╭────────┬────────┬─────┬─────────────────┬─────┬─────┬─────────┬────────────┬────────────┬──────────────╮
│        │Position│Label│Measurement Level│ Role│Width│Alignment│Print Format│Write Format│Missing Values│
├────────┼────────┼─────┼─────────────────┼─────┼─────┼─────────┼────────────┼────────────┼──────────────┤
│VAR00001│       1│     │Scale            │Input│    8│Right    │F8.2        │F8.2        │              │
│VAR00002│       2│     │Nominal          │Input│    8│Right    │F8.2        │F8.2        │              │
│VAR00003│       3│     │Scale            │Input│    8│Right    │F8.2        │F8.2        │              │
│VAR00004│       4│     │Nominal          │Input│    8│Left     │A1          │A1          │              │
╰────────┴────────┴─────┴─────────────────┴─────┴─────┴─────────┴────────────┴────────────┴──────────────╯

          Value Labels
╭───────────────────┬──────────╮
│Variable Value     │          │
├───────────────────┼──────────┤
│VAR00002       1.00│Male      │
│               2.00│Female    │
├───────────────────┼──────────┤
│VAR00003       2.00│Student   │
│               3.00│Employed  │
│               4.00│Unemployed│
╰───────────────────┴──────────╯

╭────┬────────┬────────┬────────┬────────╮
│Case│VAR00001│VAR00002│VAR00003│VAR00004│
├────┼────────┼────────┼────────┼────────┤
│1   │    1.00│    1.00│    2.00│a       │
│2   │    2.00│    2.00│    3.00│s       │
│3   │    3.00│    1.00│    4.00│d       │
│4   │    4.00│    2.00│    3.00│f       │
│5   │    5.00│    1.00│    4.00│g       │
│6   │    6.00│    2.00│    2.00│h       │
│7   │    7.00│    1.00│    4.00│j       │
│8   │    8.00│    2.00│    3.00│k       │
│9   │    9.00│    1.00│    2.00│l       │
│10  │   10.00│    2.00│    4.00│p       │
╰────┴────────┴────────┴────────┴────────╯
