╭──────────────────────┬────────────────────────╮
│       Created        │    01-JAN-2011 20:53:52│
├──────────────────────┼────────────────────────┤
│Writer Product        │PSPP synthetic test file│
├──────────────────────┼────────────────────────┤
│       Compression    │None                    │
│       Number of Cases│Unknown                 │
╰──────────────────────┴────────────────────────╯

╭─────────┬─╮
│Variables│1│
╰─────────┴─╯

                                               Variables
╭─────┬────────┬─────┬─────────────────┬─────┬─────┬─────────┬────────────┬────────────┬──────────────╮
│     │Position│Label│Measurement Level│ Role│Width│Alignment│Print Format│Write Format│Missing Values│
├─────┼────────┼─────┼─────────────────┼─────┼─────┼─────────┼────────────┼────────────┼──────────────┤
│str14│       1│     │Nominal          │Input│   14│Left     │A14         │A14         │              │
╰─────┴────────┴─────┴─────────────────┴─────┴─────┴─────────┴────────────┴────────────┴──────────────╯

I/O error (failed to fill whole buffer)

╭────┬──────────────╮
│Case│     str14    │
├────┼──────────────┤
│1   │one data item │
╰────┴──────────────╯
