╭──────────────────────┬────────────────────────╮
│       Created        │    05-JAN-2011 20:53:52│
├──────────────────────┼────────────────────────┤
│Writer Product        │PSPP synthetic test file│
│       Version        │1.2.3                   │
├──────────────────────┼────────────────────────┤
│       Compression    │None                    │
│       Number of Cases│                       0│
╰──────────────────────┴────────────────────────╯

╭─────────┬────────────────────────╮
│Label    │PSPP synthetic test file│
│Variables│                      17│
╰─────────┴────────────────────────╯

╭─────┬────────┬─────┬─────────────────┬─────┬─────┬─────────┬────────────┬────────────┬──────────────╮
│     │Position│Label│Measurement Level│ Role│Width│Alignment│Print Format│Write Format│Missing Values│
├─────┼────────┼─────┼─────────────────┼─────┼─────┼─────────┼────────────┼────────────┼──────────────┤
│num1 │       1│     │                 │Input│    8│Right    │F8.0        │F8.0        │              │
│num2 │       2│     │                 │Input│    8│Right    │F8.0        │F8.0        │              │
│num3 │       3│     │                 │Input│    8│Right    │F8.0        │F8.0        │              │
│num4 │       4│     │                 │Input│    8│Right    │F8.0        │F8.0        │              │
│num5 │       5│     │                 │Input│    8│Right    │F8.0        │F8.0        │              │
│str1 │       6│     │Nominal          │Input│    1│Left     │A1          │A1          │              │
│str2 │       7│     │Nominal          │Input│    2│Left     │A2          │A2          │              │
│str3 │       8│     │Nominal          │Input│    3│Left     │A3          │A3          │              │
│str4 │       9│     │Nominal          │Input│    4│Left     │A4          │A4          │              │
│str5 │      10│     │Nominal          │Input│    4│Left     │A4          │A4          │              │
│str6 │      11│     │Nominal          │Input│    6│Left     │A6          │A6          │              │
│str7 │      12│     │Nominal          │Input│    7│Left     │A7          │A7          │              │
│str8 │      13│     │Nominal          │Input│    8│Left     │A8          │A8          │              │
│str9ж│      14│     │Nominal          │Input│    9│Left     │A9          │A9          │              │
│str12│      15│     │Nominal          │Input│   12│Left     │A12         │A12         │              │
│str16│      16│     │Nominal          │Input│   16│Left     │A16         │A16         │              │
│str17│      17│     │Nominal          │Input│   17│Left     │A17         │A17         │              │
╰─────┴────────┴─────┴─────────────────┴─────┴─────┴─────────┴────────────┴────────────┴──────────────╯

╭────────────────────────────────┬───────────────────────────────────────────────────────────────╮
│Variable Value                  │                                                               │
├────────────────────────────────┼───────────────────────────────────────────────────────────────┤
│num1           1                │один (in Russian)                                              │
├────────────────────────────────┼───────────────────────────────────────────────────────────────┤
│num2           1                │one                                                            │
│               2                │two                                                            │
├────────────────────────────────┼───────────────────────────────────────────────────────────────┤
│num3           3                │three                                                          │
│               4                │four                                                           │
├────────────────────────────────┼───────────────────────────────────────────────────────────────┤
│num4           5                │five                                                           │
│               7                │seven                                                          │
│               8                │eight                                                          │
│               9                │nine                                                           │
├────────────────────────────────┼───────────────────────────────────────────────────────────────┤
│num5           6                │six                                                            │
│               7                │seven                                                          │
│               8                │eight                                                          │
│               10               │ten                                                            │
├────────────────────────────────┼───────────────────────────────────────────────────────────────┤
│str1           a                │value label for `a'                                            │
├────────────────────────────────┼───────────────────────────────────────────────────────────────┤
│str2           bc               │value label for `bc'                                           │
│               de               │value label for `de'                                           │
├────────────────────────────────┼───────────────────────────────────────────────────────────────┤
│str3           fgh              │value label for `fgh'                                          │
│               ijk              │value label for `ijk'                                          │
├────────────────────────────────┼───────────────────────────────────────────────────────────────┤
│str4           BCDE             │value label for `BCDE'                                         │
│               lmno             │value label for `lmno'                                         │
│               tuvw             │value label for `tuvw'                                         │
│               xyzA             │value label for `xyzA'                                         │
├────────────────────────────────┼───────────────────────────────────────────────────────────────┤
│str5           FGHI             │value label for `FGHI'                                         │
│               pqrs             │value label for `pqrs'                                         │
│               tuvw             │value label for `tuvw'                                         │
│               xyzA             │value label for `xyzA'                                         │
├────────────────────────────────┼───────────────────────────────────────────────────────────────┤
│str6           JKLMNO           │value label for `JKLMNO'                                       │
├────────────────────────────────┼───────────────────────────────────────────────────────────────┤
│str7           JKLMNOP          │value label for `JKLMNOP'                                      │
├────────────────────────────────┼───────────────────────────────────────────────────────────────┤
│str8           JKLMNOPQ         │value label for `JKLMNOPQ'                                     │
├────────────────────────────────┼───────────────────────────────────────────────────────────────┤
│str9ж          RSTUVWXYZ        │value label for `RSTUVWXYZ'                                    │
├────────────────────────────────┼───────────────────────────────────────────────────────────────┤
│str12          0123456789ab     │value label for `0123456789ab'                                 │
│               cdefghijklmn     │value label for `cdefghijklmn'                                 │
├────────────────────────────────┼───────────────────────────────────────────────────────────────┤
│str16          EFGHIJKLMNOPQRST │value label for `EFGHIJKLMNOPQRST'                             │
│               UVWXYZ0123456789 │value label for `UVWXYZ0123456789' with Cyrillic letters: `фхц'│
│               opqrstuvwxyzABCD │value label for `opqrstuvwxyzABCD'                             │
├────────────────────────────────┼───────────────────────────────────────────────────────────────┤
│str17          abcdefghijklmnopq│value label for `abcdefghijklmnopq'                            │
╰────────────────────────────────┴───────────────────────────────────────────────────────────────╯
