Unknown role "6".

╭──────────────────────┬────────────────────────╮
│       Created        │    01-JAN-2011 20:53:52│
├──────────────────────┼────────────────────────┤
│Writer Product        │PSPP synthetic test file│
│       Version        │1.2.3                   │
├──────────────────────┼────────────────────────┤
│       Compression    │None                    │
│       Number of Cases│                       0│
╰──────────────────────┴────────────────────────╯

╭─────────┬────────────────────────╮
│Label    │PSPP synthetic test file│
│Variables│                       7│
╰─────────┴────────────────────────╯

                                               Variables
╭─┬────────┬─────┬─────────────────┬─────────┬─────┬─────────┬────────────┬────────────┬──────────────╮
│ │Position│Label│Measurement Level│   Role  │Width│Alignment│Print Format│Write Format│Missing Values│
├─┼────────┼─────┼─────────────────┼─────────┼─────┼─────────┼────────────┼────────────┼──────────────┤
│i│       1│     │                 │Input    │    8│Right    │F8.0        │F8.0        │              │
│o│       2│     │                 │Target   │    8│Right    │F8.0        │F8.0        │              │
│b│       3│     │                 │Both     │    8│Right    │F8.0        │F8.0        │              │
│n│       4│     │                 │None     │    8│Right    │F8.0        │F8.0        │              │
│p│       5│     │                 │Partition│    8│Right    │F8.0        │F8.0        │              │
│s│       6│     │                 │Split    │    8│Right    │F8.0        │F8.0        │              │
│x│       7│     │                 │Input    │    8│Right    │F8.0        │F8.0        │              │
╰─┴────────┴─────┴─────────────────┴─────────┴─────┴─────────┴────────────┴────────────┴──────────────╯

Data File and Variable Attributes
╭────────────────────────┬─────╮
│Variable and Name       │Value│
├────────────────────────┼─────┤
│i                 $@Role│0    │
├────────────────────────┼─────┤
│o                 $@Role│1    │
├────────────────────────┼─────┤
│b                 $@Role│2    │
├────────────────────────┼─────┤
│n                 $@Role│3    │
├────────────────────────┼─────┤
│p                 $@Role│4    │
├────────────────────────┼─────┤
│s                 $@Role│5    │
├────────────────────────┼─────┤
│x                 $@Role│6    │
╰────────────────────────┴─────╯
