╭─────────┬──────────────────────────────────╮
│Created  │              15-FEB-1986 14:48:43│
│Product  │SPSS-X RELEASE 2.1  FOR IBM VM/CMS│
│Product 2│PFF TEST FILE                     │
│Author   │HARVARD UNIV COMPUTING CENTER     │
╰─────────┴──────────────────────────────────╯

╭─────────┬─╮
│Variables│9│
╰─────────┴─╯

                                                                   Variables
╭─────────────────────────┬────────┬─────────────────────────┬─────────────────┬─────┬─────┬─────────┬────────────┬────────────┬──────────────╮
│                         │Position│          Label          │Measurement Level│ Role│Width│Alignment│Print Format│Write Format│Missing Values│
├─────────────────────────┼────────┼─────────────────────────┼─────────────────┼─────┼─────┼─────────┼────────────┼────────────┼──────────────┤
│SATISFACTION WITH HOUSING│       1│SATISFACTION WITH HOUSING│                 │Input│    8│Right    │F1.0        │F1.0        │0; 9          │
│SATISFACTION NEIGHBORHOOD│       2│SATISFACTION NEIGHBORHOOD│                 │Input│    8│Right    │F1.0        │F1.0        │0; 9          │
│RESPOND. EDUCATION       │       3│RESPOND. EDUCATION       │                 │Input│    8│Right    │F2.0        │F2.0        │0; 99         │
│INCOME IN 1984           │       4│INCOME IN 1984           │                 │Input│    8│Right    │F3.0        │F3.0        │0; 999        │
│STANDARD OF LIVING       │       5│STANDARD OF LIVING       │                 │Input│    8│Right    │F1.0        │F1.0        │0; 9          │
│RESPONDENT RACE          │       6│RESPONDENT RACE          │                 │Input│    8│Right    │F1.0        │F1.0        │0; 9          │
│RESPONDENT SEX           │       7│RESPONDENT SEX           │                 │Input│    8│Right    │F1.0        │F1.0        │0; 9          │
│RESPONDENT AGE           │       8│RESPONDENT AGE           │                 │Input│    8│Right    │F2.0        │F2.0        │0; 99         │
│R MARITAL STATUS         │       9│R MARITAL STATUS         │                 │Input│    8│Right    │F1.0        │F1.0        │0; 9          │
╰─────────────────────────┴────────┴─────────────────────────┴─────────────────┴─────┴─────┴─────────┴────────────┴────────────┴──────────────╯

              Value Labels
╭───────────────────────────┬──────────╮
│Variable Value             │          │
├───────────────────────────┼──────────┤
│SATISFACTION WITH HOUSING 1│VERY      │
│                          2│FAIRLY    │
│                          3│NOT VERY  │
├───────────────────────────┼──────────┤
│SATISFACTION NEIGHBORHOOD 1│VERY      │
│                          2│FAIRLY    │
│                          3│NOT VERY  │
├───────────────────────────┼──────────┤
│RESPOND. EDUCATION        1│NONE      │
│                          2│< 8 YRS   │
│                          3│C GRD SC  │
│                          4│SOME HS   │
│                          5│CMPL.H.S. │
│                          6│1-3 COLL  │
│                          7│COLL DEG  │
│                          8│MASTERS   │
│                          9│PHD-M.D.  │
├───────────────────────────┼──────────┤
│STANDARD OF LIVING        1│PROSP     │
│                          2│VERY COMF │
│                          3│REAS COMF │
│                          4│GET BY    │
│                          5│NEAR POOR │
│                          6│POOR      │
├───────────────────────────┼──────────┤
│RESPONDENT RACE           1│BLACK     │
│                          2│HISPANIC  │
│                          3│WHITE     │
│                          4│ASIAN     │
│                          5│AM IND    │
│                          8│OTHER     │
├───────────────────────────┼──────────┤
│RESPONDENT SEX            1│MALE      │
│                          2│FEMALE    │
├───────────────────────────┼──────────┤
│R MARITAL STATUS          1│MARRIED   │
│                          2│DIVORCED  │
│                          3│SEPARATD  │
│                          4│WIDOWED   │
│                          5│NEVER MARR│
╰───────────────────────────┴──────────╯

╭────┬─────────────────────────┬─────────────────────────┬──────────────────┬──────────────┬──────────────────┬───────────────┬──────────────┬──────────────┬────────────────╮
│Case│SATISFACTION WITH HOUSING│SATISFACTION NEIGHBORHOOD│RESPOND. EDUCATION│INCOME IN 1984│STANDARD OF LIVING│RESPONDENT RACE│RESPONDENT SEX│RESPONDENT AGE│R MARITAL STATUS│
├────┼─────────────────────────┼─────────────────────────┼──────────────────┼──────────────┼──────────────────┼───────────────┼──────────────┼──────────────┼────────────────┤
│1   │                     2.00│                     1.00│              5.00│         50.00│              3.00│           3.00│          2.00│         29.00│            1.00│
│2   │                     2.00│                     1.00│              7.00│         25.00│              3.00│           3.00│          1.00│         26.00│            5.00│
│3   │                     1.00│                     2.00│              6.00│         35.00│              3.00│           3.00│          2.00│         53.00│            1.00│
│4   │                     2.00│                     2.00│              6.00│         25.00│              4.00│           3.00│          2.00│         23.00│            3.00│
│5   │                     2.00│                     1.00│              6.00│         11.00│              3.00│           3.00│          2.00│         21.00│            5.00│
│6   │                     1.00│                     1.00│              5.00│         12.00│              3.00│           3.00│          1.00│           .03│            5.00│
│7   │                     2.00│                     2.00│              8.00│         22.00│              3.00│           3.00│          2.00│         42.00│            2.00│
│8   │                     1.00│                     1.00│              7.00│         35.00│              3.00│           3.00│          2.00│         35.00│            1.00│
│9   │                     2.00│                     2.00│              7.00│           .03│              3.00│           3.00│          1.00│           .03│            5.00│
│10  │                     1.00│                     1.00│              7.00│          8.00│              2.00│           3.00│          1.00│         22.00│            5.00│
│11  │                     1.00│                     1.00│              5.00│         18.00│              4.00│           3.00│          2.00│         55.00│            4.00│
│12  │                     1.00│                     1.00│              7.00│         45.00│              3.00│           3.00│          2.00│         56.00│            1.00│
│13  │                     3.00│                     3.00│              5.00│          2.00│              4.00│           1.00│          2.00│         24.00│            5.00│
│14  │                     3.00│                     2.00│              7.00│           .07│              3.00│           3.00│          1.00│         42.00│            1.00│
│15  │                     1.00│                     1.00│              5.00│         35.00│              2.00│           3.00│          2.00│           .03│            1.00│
│16  │                     1.00│                     1.00│              8.00│         12.00│              4.00│           3.00│          1.00│         29.00│            5.00│
│17  │                     1.00│                     1.00│              6.00│         25.00│              3.00│           3.00│          1.00│         55.00│            1.00│
│18  │                     1.00│                     1.00│              5.00│         20.00│              4.00│           9.00│          2.00│           .07│            4.00│
│19  │                     1.00│                     1.00│              6.00│         42.00│              4.00│           3.00│          1.00│         51.00│            4.00│
│20  │                     1.00│                     1.00│              6.00│         70.00│              2.00│           3.00│          1.00│         33.00│            1.00│
│21  │                     1.00│                     2.00│              6.00│          2.00│              2.00│           3.00│          2.00│         20.00│            5.00│
│22  │                     3.00│                     1.00│              9.00│         20.00│              3.00│           4.00│          2.00│         32.00│            3.00│
│23  │                     2.00│                     1.00│              6.00│         13.00│              4.00│           3.00│          2.00│         33.00│            1.00│
│24  │                     3.00│                     3.00│              8.00│          7.00│              4.00│           3.00│          2.00│         28.00│            5.00│
│25  │                     2.00│                     2.00│              5.00│         35.00│              3.00│           3.00│          1.00│         51.00│            1.00│
│26  │                     1.00│                     1.00│              6.00│         40.00│              3.00│           3.00│          1.00│         59.00│            1.00│
│27  │                     2.00│                     1.00│              5.00│         46.00│              4.00│           3.00│          1.00│         47.00│            1.00│
│28  │                     2.00│                     2.00│              5.00│         25.00│              2.00│           3.00│          1.00│         28.00│            1.00│
│29  │                     2.00│                     1.00│              8.00│         50.00│              3.00│           3.00│          1.00│         39.00│            2.00│
│30  │                     3.00│                     2.00│              5.00│          6.00│              4.00│           3.00│          2.00│         86.00│            4.00│
│31  │                     2.00│                     2.00│              6.00│           .03│              2.00│           3.00│          2.00│         24.00│            5.00│
│32  │                     2.00│                     1.00│              7.00│         25.00│              4.00│           3.00│          2.00│         38.00│            1.00│
│33  │                     1.00│                     1.00│              5.00│          8.00│              3.00│           3.00│          1.00│         18.00│            5.00│
│34  │                     1.00│                     1.00│              8.00│         40.00│              3.00│           3.00│          2.00│         58.00│            1.00│
│35  │                     2.00│                     2.00│              7.00│         25.00│              3.00│           3.00│          2.00│           .03│            5.00│
│36  │                     1.00│                     1.00│              5.00│         20.00│              3.00│           3.00│          2.00│         28.00│            5.00│
│37  │                     1.00│                     1.00│              2.00│         15.00│              3.00│           8.00│          2.00│         49.00│            1.00│
│38  │                     2.00│                     1.00│              7.00│         35.00│              3.00│           3.00│          2.00│         29.00│            1.00│
│39  │                     2.00│                     2.00│              7.00│          1.00│              4.00│           3.00│          2.00│         35.00│            5.00│
│40  │                     2.00│                     1.00│              6.00│         11.00│              4.00│           3.00│          2.00│         48.00│            2.00│
│41  │                     1.00│                     1.00│              6.00│         20.00│              3.00│           3.00│          2.00│         67.00│            1.00│
│42  │                     1.00│                     2.00│              5.00│         15.00│              4.00│           3.00│          2.00│         39.00│            3.00│
│43  │                     2.00│                     2.00│              6.00│           .03│              3.00│           3.00│          1.00│         32.00│            1.00│
│44  │                     1.00│                     1.00│              5.00│         42.00│              3.00│           3.00│          2.00│         44.00│            1.00│
│45  │                     3.00│                     3.00│              5.00│         16.00│              3.00│           3.00│          2.00│         29.00│            2.00│
│46  │                     1.00│                     1.00│              7.00│         14.00│              3.00│           3.00│          1.00│         42.00│            5.00│
│47  │                     1.00│                     1.00│              7.00│         20.00│              3.00│           3.00│          2.00│         36.00│            2.00│
│48  │                     2.00│                     2.00│              7.00│         45.00│              2.00│           3.00│          2.00│         33.00│            1.00│
│49  │                     2.00│                     2.00│              5.00│           .03│              2.00│           3.00│          2.00│         32.00│            1.00│
│50  │                     2.00│                     2.00│              9.00│          9.00│              3.00│           3.00│          1.00│         24.00│            5.00│
│51  │                     1.00│                     2.00│              6.00│         35.00│              3.00│           3.00│          2.00│         41.00│            1.00│
│52  │                     1.00│                     1.00│              5.00│           .03│              3.00│           3.00│          2.00│         29.00│            1.00│
│53  │                     1.00│                     1.00│              5.00│           .07│              2.00│           3.00│          2.00│         64.00│            1.00│
│54  │                     1.00│                     1.00│              7.00│         20.00│              4.00│           3.00│          1.00│           .03│            5.00│
│55  │                     1.00│                     1.00│              5.00│          3.00│              3.00│           8.00│          1.00│         21.00│            5.00│
│56  │                     1.00│                     2.00│              4.00│         20.00│              2.00│           3.00│          1.00│         22.00│            5.00│
│57  │                     1.00│                     1.00│              6.00│         45.00│              3.00│           3.00│          2.00│         38.00│            1.00│
│58  │                     1.00│                     1.00│              7.00│           .03│              3.00│           3.00│          2.00│           .03│            5.00│
│59  │                     2.00│                     1.00│              7.00│         10.00│              3.00│           3.00│          2.00│         25.00│            5.00│
│60  │                     1.00│                     1.00│              6.00│         11.00│              4.00│           3.00│          2.00│         38.00│            2.00│
│61  │                     3.00│                     2.00│              5.00│         15.00│              5.00│           1.00│          2.00│         34.00│            2.00│
│62  │                     1.00│                     1.00│              3.00│         16.00│              4.00│           3.00│          1.00│         48.00│            2.00│
│63  │                     1.00│                     1.00│              5.00│         20.00│              4.00│           3.00│          2.00│         37.00│            4.00│
│64  │                     1.00│                     2.00│              7.00│         14.00│              3.00│           3.00│          2.00│         25.00│            5.00│
│65  │                     1.00│                     2.00│              6.00│           .10│              2.00│           3.00│          1.00│         57.00│            1.00│
│66  │                     3.00│                     2.00│              8.00│         15.00│              3.00│           3.00│          2.00│         42.00│            3.00│
│67  │                     1.00│                     2.00│              8.00│         80.00│              3.00│           3.00│          1.00│         46.00│            1.00│
│68  │                     3.00│                     2.00│              5.00│          8.00│              5.00│           3.00│          2.00│         58.00│            4.00│
│69  │                     1.00│                     2.00│              7.00│         20.00│              3.00│           3.00│          2.00│         25.00│            5.00│
│70  │                     1.00│                     2.00│              5.00│           .03│              4.00│           3.00│          2.00│         37.00│            1.00│
│71  │                     1.00│                     1.00│              7.00│         25.00│              2.00│           3.00│          2.00│         27.00│            5.00│
│72  │                     1.00│                     1.00│              5.00│         13.00│              4.00│           3.00│          2.00│         42.00│            2.00│
│73  │                     2.00│                     3.00│              7.00│         40.00│              3.00│           3.00│          2.00│         32.00│            1.00│
│74  │                     2.00│                     2.00│              5.00│         40.00│              3.00│           3.00│          1.00│         63.00│            1.00│
│75  │                     2.00│                     1.00│              5.00│         70.00│              3.00│           3.00│          2.00│         50.00│            1.00│
╰────┴─────────────────────────┴─────────────────────────┴──────────────────┴──────────────┴──────────────────┴───────────────┴──────────────┴──────────────┴────────────────╯
