Invalid date 20040931.

╭───────┬─────────────╮
│Product│STAT/TRANSFER│
╰───────┴─────────────╯

╭─────────┬─╮
│Variables│4│
╰─────────┴─╯

                                                                     Variables
╭───────────────────────────┬────────┬───────────────────────────┬─────────────────┬─────┬─────┬─────────┬────────────┬────────────┬──────────────╮
│                           │Position│           Label           │Measurement Level│ Role│Width│Alignment│Print Format│Write Format│Missing Values│
├───────────────────────────┼────────┼───────────────────────────┼─────────────────┼─────┼─────┼─────────┼────────────┼────────────┼──────────────┤
│ALCOHOL (C)                │       1│ALCOHOL (C)                │                 │Input│    8│Right    │F9.2        │F9.2        │              │
│SELF-ESTEEM (SE)           │       2│SELF-ESTEEM (SE)           │                 │Input│    8│Right    │F9.2        │F9.2        │              │
│BLOOD ALCOHOL CONTENT (BAC)│       3│BLOOD ALCOHOL CONTENT (BAC)│                 │Input│    8│Right    │F9.2        │F9.2        │              │
│SELF-DISCLOSURE            │       4│SELF-DISCLOSURE            │                 │Input│    8│Right    │F9.2        │F9.2        │              │
╰───────────────────────────┴────────┴───────────────────────────┴─────────────────┴─────┴─────┴─────────┴────────────┴────────────┴──────────────╯

╭────┬───────────┬────────────────┬───────────────────────────┬───────────────╮
│Case│ALCOHOL (C)│SELF-ESTEEM (SE)│BLOOD ALCOHOL CONTENT (BAC)│SELF-DISCLOSURE│
├────┼───────────┼────────────────┼───────────────────────────┼───────────────┤
│1   │        .00│            3.10│                       4.20│           3.70│
│2   │        .00│            2.50│                       1.50│           5.70│
│3   │        .00│            3.00│                       2.00│           4.40│
│4   │        .00│            2.00│                       2.20│           3.20│
│5   │        .00│            3.20│                       1.00│           6.90│
│6   │        .00│            1.80│                       1.70│           3.50│
│7   │        .00│            2.30│                       2.70│           6.40│
│8   │        .00│            2.40│                       2.60│           5.80│
│9   │        .00│            1.00│                       2.80│           4.40│
│10  │        .00│            3.20│                       3.00│           5.80│
│11  │        .00│            1.00│                       3.70│           3.80│
│12  │        .00│            4.70│                       3.30│           5.60│
│13  │        .00│            2.70│                       2.90│           5.00│
│14  │        .00│            4.70│                       3.70│           7.00│
│15  │        .00│            1.80│                       2.30│           4.00│
│16  │        .00│            2.20│                       3.50│           3.60│
│17  │        .00│            3.60│                       2.20│           5.90│
│18  │        .00│            3.90│                       3.40│           5.00│
│19  │        .00│            3.70│                       1.40│           5.70│
│20  │        .00│            2.90│                       2.90│           3.40│
│21  │       1.00│            2.40│                       5.30│           5.30│
│22  │       1.00│            1.70│                       5.40│           5.90│
│23  │       1.00│            4.10│                       6.20│           5.10│
│24  │       1.00│            3.60│                       4.50│           5.90│
│25  │       1.00│            5.00│                       6.90│           5.00│
│26  │       1.00│            2.70│                       2.30│           6.90│
│27  │       1.00│            3.60│                       5.60│           6.30│
│28  │       1.00│            2.60│                       5.50│           3.90│
│29  │       1.00│            3.50│                       4.50│           5.90│
│30  │       1.00│            3.30│                       3.00│           5.90│
│31  │       1.00│            3.40│                       5.10│           4.80│
│32  │       1.00│            2.80│                       4.00│           4.80│
│33  │       1.00│            2.10│                       4.60│           5.80│
│34  │       1.00│            3.30│                       6.70│           6.20│
│35  │       1.00│            3.30│                       4.90│           7.50│
│36  │       1.00│            3.00│                       5.50│           5.50│
│37  │       1.00│            3.50│                       4.60│           7.00│
│38  │       1.00│            4.50│                       5.70│           6.40│
│39  │       1.00│            2.60│                       6.20│           6.00│
│40  │       1.00│            4.60│                       5.10│           4.50│
╰────┴───────────┴────────────────┴───────────────────────────┴───────────────╯
