╭───────────────┬───────────────────────────────────────╮
│Created        │                   05-OCT-1987 17:18:05│
│Product        │SPSS SYSTEM FILE.  IBM PC DOS, SPSS/PC+│
│Compression    │Simple                                 │
│Number of Cases│                                     30│
╰───────────────┴───────────────────────────────────────╯

╭─────────┬────────╮
│Label    │SPSS/PC+│
│Variables│       7│
╰─────────┴────────╯

                                                            Variables
╭──────────────────┬────────┬──────────────────┬─────────────────┬─────┬─────┬─────────┬────────────┬────────────┬──────────────╮
│                  │Position│       Label      │Measurement Level│ Role│Width│Alignment│Print Format│Write Format│Missing Values│
├──────────────────┼────────┼──────────────────┼─────────────────┼─────┼─────┼─────────┼────────────┼────────────┼──────────────┤
│@CASENUM          │       1│                  │                 │Input│    8│Right    │F8.2        │F8.2        │              │
│@DATE             │       2│                  │Nominal          │Input│    8│Left     │A8          │A8          │              │
│@WEIGHT           │       3│                  │                 │Input│    8│Right    │F8.2        │F8.2        │              │
│Advertiser code   │       4│Advertiser code   │                 │Input│    8│Right    │F8.2        │F8.2        │              │
│Microprocessor    │       5│Microprocessor    │                 │Input│    8│Right    │F8.2        │F8.2        │              │
│Clock speed in MHz│       6│Clock speed in MHz│                 │Input│    8│Right    │F8.2        │F8.2        │              │
│Price in dollars  │       7│Price in dollars  │                 │Input│    8│Right    │F8.2        │F8.2        │              │
╰──────────────────┴────────┴──────────────────┴─────────────────┴─────┴─────┴─────────┴────────────┴────────────┴──────────────╯

        Value Labels
╭───────────────────┬─────╮
│Variable Value     │     │
├───────────────────┼─────┤
│Microprocessor 1.00│8088 │
│               2.00│80286│
│               3.00│80386│
╰───────────────────┴─────╯

╭────┬────────┬────────┬───────┬───────────────┬──────────────┬──────────────────┬────────────────╮
│Case│@CASENUM│  @DATE │@WEIGHT│Advertiser code│Microprocessor│Clock speed in MHz│Price in dollars│
├────┼────────┼────────┼───────┼───────────────┼──────────────┼──────────────────┼────────────────┤
│1   │    6.00│10/5/87 │   6.00│          18.00│          6.00│             13.00│          995.00│
│2   │    7.00│10/5/87 │   6.00│          23.00│          6.00│             13.00│          699.00│
│3   │    8.00│10/5/87 │   6.00│          23.00│          7.00│             13.00│          995.00│
│4   │    9.00│10/5/87 │   6.00│          23.00│          7.00│             15.00│         1529.00│
│5   │   10.00│10/5/87 │   6.00│          23.00│          7.00│             17.00│         1695.00│
│6   │   11.00│10/5/87 │   6.00│          43.00│          8.00│             21.00│         2995.00│
│7   │   12.00│10/5/87 │   6.00│          50.00│          7.00│             13.00│         1999.00│
│8   │   14.00│10/5/87 │   6.00│          50.00│          7.00│             15.00│         2995.00│
│9   │   16.00│10/5/87 │   6.00│          69.00│          7.00│             15.00│         1795.00│
│10  │   17.00│10/5/87 │   6.00│          69.00│          6.00│              4.77│          995.00│
│11  │   18.00│10/5/87 │   6.00│          72.00│          6.00│             13.00│          648.00│
│12  │   19.00│10/5/87 │   6.00│          72.00│          7.00│             15.00│         1248.00│
│13  │   20.00│10/5/87 │   6.00│          79.00│          7.00│             17.00│         1199.00│
│14  │   21.00│10/5/87 │   6.00│          82.00│          7.00│             15.00│         1199.00│
│15  │   22.00│10/5/87 │   6.00│          82.00│          6.00│             15.00│          699.00│
│16  │   23.00│10/5/87 │   6.00│          90.00│          6.00│             13.00│          537.00│
│17  │   24.00│10/5/87 │   6.00│          90.00│          7.00│             15.00│         1585.00│
│18  │   25.00│10/5/87 │   6.00│          91.00│          7.00│             13.00│         1084.00│
│19  │   26.00│10/5/87 │   6.00│          91.00│          7.00│             15.00│         1134.00│
│20  │   27.00│10/5/87 │   6.00│          91.00│          7.00│             17.00│         1288.00│
│21  │   28.00│10/5/87 │   6.00│          91.00│          6.00│             15.00│          634.00│
│22  │   29.00│10/5/87 │   6.00│          91.00│          6.00│             13.00│          538.00│
│23  │   30.00│10/5/87 │   6.00│          99.00│          6.00│             15.00│          785.00│
│24  │   31.00│10/5/87 │   6.00│          99.00│          7.00│             15.00│         1555.00│
│25  │   32.00│10/5/87 │   6.00│          99.00│          8.00│             21.00│         3620.00│
│26  │   33.00│10/5/87 │   6.00│         112.00│          8.00│             25.00│         4999.00│
│27  │   34.00│10/5/87 │   6.00│         112.00│          7.00│             17.00│         2999.00│
│28  │   35.00│10/5/87 │   6.00│         112.00│          6.00│             13.00│          499.00│
│29  │   36.00│10/5/87 │   6.00│         112.00│          8.00│             21.00│         2999.00│
│30  │   37.00│10/5/87 │   6.00│         112.00│          6.00│             13.00│         1799.00│
╰────┴────────┴────────┴───────┴───────────────┴──────────────┴──────────────────┴────────────────╯
